------------------------------EXP1------------------------------

===========================================================================
  Dataset: fisv  |  Label: TES  |  Seed: 999
  Backbone: vivit  |  Neck: TQN  |  Layers: 2  |  Query Var: 2  |  PE: query_pe
  Att Loss: True  |  Dino Loss: True  |  Epochs: 1000  |  LR: 5e-05  |  Batch: 32
===========================================================================
Epoch  |  Train SRCC  |  Test SRCC  |  Best SRCC  |        RL2  | Note
-------+-------------+------------+------------+------------+--------------------
    0  |      0.0279  |     0.0961  |     0.0961  |     2.0865  | бя NEW BEST
    1  |      0.1123  |     0.1401  |     0.1401  |     2.2536  | бя NEW BEST
    2  |      0.0724  |     0.2482  |     0.2482  |     1.5663  | бя NEW BEST
    3  |      0.1317  |     0.2891  |     0.2891  |     1.4741  | бя NEW BEST
    4  |      0.1659  |     0.2659  |     0.2891  |     1.6208  | 
    5  |      0.2240  |     0.2844  |     0.2891  |     2.0103  | 
    6  |      0.2486  |     0.2962  |     0.2962  |     2.1212  | бя NEW BEST
    7  |      0.2921  |     0.3383  |     0.3383  |     1.6132  | бя NEW BEST
    8  |      0.4020  |     0.3614  |     0.3614  |     1.4568  | бя NEW BEST
    9  |      0.4312  |     0.4077  |     0.4077  |     1.3334  | бя NEW BEST
   10  |      0.5003  |     0.3859  |     0.4077  |     2.2060  | 
   11  |      0.4239  |     0.4244  |     0.4244  |     0.2680  | бя NEW BEST
   12  |      0.3822  |     0.4339  |     0.4339  |     2.6692  | бя NEW BEST
   13  |      0.4411  |     0.4717  |     0.4717  |     0.9088  | бя NEW BEST
   14  |      0.5122  |     0.4537  |     0.4717  |     1.8086  | 
   15  |      0.5088  |     0.4890  |     0.4890  |     1.7735  | бя NEW BEST
   16  |      0.5566  |     0.4822  |     0.4890  |     1.1712  | 
   17  |      0.5359  |     0.5176  |     0.5176  |     1.6814  | бя NEW BEST
   18  |      0.5814  |     0.5113  |     0.5176  |     2.1267  | 
   19  |      0.5401  |     0.5287  |     0.5287  |     1.1036  | бя NEW BEST
   20  |      0.5344  |     0.5609  |     0.5609  |     1.9223  | бя NEW BEST
   21  |      0.6110  |     0.5673  |     0.5673  |     2.4638  | бя NEW BEST
   22  |      0.5173  |     0.5149  |     0.5673  |     2.8294  | 
   23  |      0.5562  |     0.5585  |     0.5673  |     1.9894  | 
   24  |      0.6470  |     0.5827  |     0.5827  |     2.1203  | бя NEW BEST
   25  |      0.6753  |     0.6076  |     0.6076  |     3.1844  | бя NEW BEST
   26  |      0.5743  |     0.5986  |     0.6076  |     1.8554  | 
   27  |      0.5973  |     0.5894  |     0.6076  |     1.3789  | 
   28  |      0.6984  |     0.6245  |     0.6245  |     3.6201  | бя NEW BEST
   29  |      0.5719  |     0.6106  |     0.6245  |     2.8182  | 
   30  |      0.6828  |     0.6242  |     0.6245  |     1.7520  | 
   31  |      0.7174  |     0.6467  |     0.6467  |     2.2942  | бя NEW BEST
   32  |      0.7237  |     0.6258  |     0.6467  |     2.2500  | 
   33  |      0.7354  |     0.6636  |     0.6636  |     2.2333  | бя NEW BEST
   34  |      0.7360  |     0.6656  |     0.6656  |     2.3801  | бя NEW BEST
   35  |      0.7462  |     0.6662  |     0.6662  |     2.3061  | бя NEW BEST
   36  |      0.7372  |     0.6364  |     0.6662  |     2.3431  | 
   37  |      0.7338  |     0.6429  |     0.6662  |     2.5285  | 
   38  |      0.7364  |     0.6394  |     0.6662  |     2.6214  | 
   39  |      0.7355  |     0.6378  |     0.6662  |     2.5866  | 
   40  |      0.7465  |     0.6402  |     0.6662  |     2.2533  | 
   41  |      0.7352  |     0.6667  |     0.6667  |     2.5006  | бя NEW BEST
   42  |      0.7578  |     0.6340  |     0.6667  |     2.5055  | 
   43  |      0.7501  |     0.6622  |     0.6667  |     2.3851  | 
   44  |      0.7470  |     0.6674  |     0.6674  |     2.6283  | бя NEW BEST
   45  |      0.7557  |     0.6488  |     0.6674  |     2.5712  | 
   46  |      0.7467  |     0.6671  |     0.6674  |     2.2786  | 
   47  |      0.7580  |     0.6664  |     0.6674  |     2.6283  | 
   48  |      0.7613  |     0.6463  |     0.6674  |     2.5186  | 
   49  |      0.7690  |     0.6397  |     0.6674  |     2.7140  | 
   50  |      0.7543  |     0.6661  |     0.6674  |     2.3338  | 
   51  |      0.7584  |     0.6387  |     0.6674  |     2.1810  | 
   52  |      0.7348  |     0.6417  |     0.6674  |     2.7865  | 
   53  |      0.7555  |     0.6257  |     0.6674  |     2.7103  | 
   54  |      0.7675  |     0.6341  |     0.6674  |     2.3173  | 
   55  |      0.7612  |     0.6807  |     0.6807  |     2.5104  | бя NEW BEST
   56  |      0.7672  |     0.6486  |     0.6807  |     2.3898  | 
   57  |      0.7635  |     0.6740  |     0.6807  |     2.7668  | 
   58  |      0.7734  |     0.6463  |     0.6807  |     2.5866  | 
   59  |      0.7644  |     0.6777  |     0.6807  |     2.6298  | 
   60  |      0.7399  |     0.6512  |     0.6807  |     3.0198  | 
   61  |      0.7560  |     0.6833  |     0.6833  |     2.1655  | бя NEW BEST
   62  |      0.7851  |     0.6547  |     0.6833  |     2.6541  | 
   63  |      0.7855  |     0.6557  |     0.6833  |     2.7837  | 
   64  |      0.7835  |     0.6822  |     0.6833  |     2.6644  | 
   65  |      0.7871  |     0.6514  |     0.6833  |     2.5828  | 
   66  |      0.7777  |     0.6794  |     0.6833  |     2.6006  | 
   67  |      0.7693  |     0.6545  |     0.6833  |     2.5784  | 
   68  |      0.7739  |     0.6517  |     0.6833  |     2.5898  | 
   69  |      0.7821  |     0.6459  |     0.6833  |     2.6074  | 
   70  |      0.7843  |     0.6830  |     0.6833  |     2.6375  | 
   71  |      0.7877  |     0.6557  |     0.6833  |     2.6360  | 
   72  |      0.7851  |     0.6821  |     0.6833  |     2.6195  | 
   73  |      0.7752  |     0.6504  |     0.6833  |     2.6762  | 
   74  |      0.7855  |     0.6529  |     0.6833  |     2.6229  | 
   75  |      0.7911  |     0.6490  |     0.6833  |     2.5567  | 
   76  |      0.7830  |     0.6489  |     0.6833  |     2.6574  | 
   77  |      0.7913  |     0.6572  |     0.6833  |     2.6059  | 
   78  |      0.7858  |     0.6836  |     0.6836  |     2.5688  | бя NEW BEST
   79  |      0.7847  |     0.6837  |     0.6837  |     2.6888  | бя NEW BEST
   80  |      0.7855  |     0.6532  |     0.6837  |     2.6575  | 
   81  |      0.7808  |     0.6503  |     0.6837  |     2.6457  | 
   82  |      0.7831  |     0.6519  |     0.6837  |     2.6055  | 
   83  |      0.7793  |     0.6446  |     0.6837  |     2.5937  | 
   84  |      0.7779  |     0.6538  |     0.6837  |     2.6180  | 
   85  |      0.7790  |     0.6501  |     0.6837  |     2.5838  | 
   86  |      0.7815  |     0.6838  |     0.6838  |     2.6267  | бя NEW BEST
   87  |      0.7834  |     0.6544  |     0.6838  |     2.6064  | 
   88  |      0.7775  |     0.6468  |     0.6838  |     2.6210  | 
   89  |      0.7819  |     0.6805  |     0.6838  |     2.6378  | 
   90  |      0.7822  |     0.6835  |     0.6838  |     2.7263  | 
   91  |      0.7864  |     0.6504  |     0.6838  |     2.6398  | 
   92  |      0.7877  |     0.6526  |     0.6838  |     2.6236  | 
   93  |      0.7889  |     0.6553  |     0.6838  |     2.6254  | 
   94  |      0.7955  |     0.6742  |     0.6838  |     2.6334  | 
   95  |      0.7804  |     0.6527  |     0.6838  |     2.6423  | 
   96  |      0.7750  |     0.6532  |     0.6838  |     2.6330  | 
   97  |      0.7757  |     0.6817  |     0.6838  |     2.6575  | 
   98  |      0.7867  |     0.6802  |     0.6838  |     2.6596  | 
   99  |      0.7827  |     0.6543  |     0.6838  |     2.6416  | 
  100  |      0.7818  |     0.6790  |     0.6838  |     2.6854  | 
  101  |      0.7809  |     0.6509  |     0.6838  |     2.6553  | 
  102  |      0.7848  |     0.6533  |     0.6838  |     2.6517  | 
  103  |      0.7940  |     0.6539  |     0.6838  |     2.6543  | 
  104  |      0.7847  |     0.6773  |     0.6838  |     2.6895  | 
  105  |      0.7883  |     0.6521  |     0.6838  |     2.6535  | 
  106  |      0.7871  |     0.6558  |     0.6838  |     2.6475  | 
  107  |      0.7742  |     0.6542  |     0.6838  |     2.6290  | 
  108  |      0.7871  |     0.6495  |     0.6838  |     2.6345  | 
  109  |      0.7831  |     0.6496  |     0.6838  |     2.6319  | 
  110  |      0.7890  |     0.6807  |     0.6838  |     2.6604  | 
  111  |      0.7858  |     0.6922  |     0.6922  |     2.6603  | бя NEW BEST
  112  |      0.7914  |     0.6504  |     0.6922  |     2.6560  | 
  113  |      0.7859  |     0.6797  |     0.6922  |     2.6677  | 
  114  |      0.7830  |     0.6628  |     0.6922  |     2.6498  | 
  115  |      0.7808  |     0.6793  |     0.6922  |     2.6633  | 
  116  |      0.7870  |     0.6504  |     0.6922  |     2.6422  | 
  117  |      0.7812  |     0.6765  |     0.6922  |     2.6711  | 
  118  |      0.7922  |     0.6508  |     0.6922  |     2.6533  | 
  119  |      0.7794  |     0.6745  |     0.6922  |     2.6822  | 
  120  |      0.7756  |     0.6542  |     0.6922  |     2.6442  | 
  121  |      0.7931  |     0.6668  |     0.6922  |     2.6411  | 
  122  |      0.7819  |     0.6537  |     0.6922  |     2.6395  | 
  123  |      0.7919  |     0.6430  |     0.6922  |     2.6466  | 
  124  |      0.7820  |     0.6841  |     0.6922  |     2.6701  | 
  125  |      0.7756  |     0.6512  |     0.6922  |     2.6429  | 
  126  |      0.7868  |     0.6466  |     0.6922  |     2.6431  | 
  127  |      0.7769  |     0.6471  |     0.6922  |     2.6540  | 
  128  |      0.7857  |     0.6810  |     0.6922  |     2.6567  | 
  129  |      0.7819  |     0.6564  |     0.6922  |     2.6391  | 
  130  |      0.7907  |     0.6513  |     0.6922  |     2.6467  | 
  131  |      0.7875  |     0.6497  |     0.6922  |     2.6500  | 
  132  |      0.7867  |     0.6771  |     0.6922  |     2.6697  | 
  133  |      0.7860  |     0.6531  |     0.6922  |     2.6423  | 
  134  |      0.7852  |     0.6503  |     0.6922  |     2.6398  | 
  135  |      0.7942  |     0.6538  |     0.6922  |     2.6332  | 
  136  |      0.7862  |     0.6799  |     0.6922  |     2.6536  | 
  137  |      0.7790  |     0.6801  |     0.6922  |     2.6616  | 
  138  |      0.7900  |     0.6781  |     0.6922  |     2.6684  | 
  139  |      0.7803  |     0.6539  |     0.6922  |     2.6372  | 
  140  |      0.7891  |     0.6826  |     0.6922  |     2.6574  | 
  141  |      0.7883  |     0.6760  |     0.6922  |     2.6787  | 
  142  |      0.7830  |     0.6572  |     0.6922  |     2.6356  | 
  143  |      0.7807  |     0.6735  |     0.6922  |     2.6731  | 
  144  |      0.7831  |     0.6826  |     0.6922  |     2.6662  | 
  145  |      0.7907  |     0.6496  |     0.6922  |     2.6355  | 
  146  |      0.7750  |     0.6840  |     0.6922  |     2.6721  | 
  147  |      0.7857  |     0.6795  |     0.6922  |     2.6529  | 
  148  |      0.7932  |     0.6481  |     0.6922  |     2.6545  | 
  149  |      0.7836  |     0.6779  |     0.6922  |     2.6740  | 
  150  |      0.7882  |     0.6774  |     0.6922  |     2.6620  | 
  151  |      0.7945  |     0.6838  |     0.6922  |     2.6663  | 
  152  |      0.7755  |     0.6806  |     0.6922  |     2.6641  | 
  153  |      0.7825  |     0.6468  |     0.6922  |     2.6431  | 
  154  |      0.7896  |     0.6520  |     0.6922  |     2.6449  | 
  155  |      0.7841  |     0.6524  |     0.6922  |     2.6388  | 
  156  |      0.7838  |     0.6481  |     0.6922  |     2.6373  | 
  157  |      0.7915  |     0.6925  |     0.6925  |     2.6617  | бя NEW BEST
  158  |      0.7803  |     0.6915  |     0.6925  |     2.6560  | 
  159  |      0.7866  |     0.6465  |     0.6925  |     2.6389  | 
  160  |      0.7760  |     0.6778  |     0.6925  |     2.6608  | 
  161  |      0.7890  |     0.6404  |     0.6925  |     2.6423  | 
  162  |      0.7829  |     0.6513  |     0.6925  |     2.6413  | 
  163  |      0.7768  |     0.6825  |     0.6925  |     2.6568  | 
  164  |      0.7861  |     0.6509  |     0.6925  |     2.6365  | 
  165  |      0.7821  |     0.6500  |     0.6925  |     2.6451  | 
  166  |      0.7801  |     0.6805  |     0.6925  |     2.6678  | 
  167  |      0.7877  |     0.6533  |     0.6925  |     2.6432  | 
  168  |      0.7875  |     0.6769  |     0.6925  |     2.6707  | 
  169  |      0.7752  |     0.6748  |     0.6925  |     2.6724  | 
  170  |      0.7936  |     0.6505  |     0.6925  |     2.6418  | 
  171  |      0.7884  |     0.6497  |     0.6925  |     2.6470  | 
  172  |      0.7879  |     0.6557  |     0.6925  |     2.6429  | 
  173  |      0.7822  |     0.6449  |     0.6925  |     2.6310  | 
  174  |      0.7723  |     0.6780  |     0.6925  |     2.6669  | 
  175  |      0.7804  |     0.6518  |     0.6925  |     2.6441  | 
  176  |      0.7774  |     0.6577  |     0.6925  |     2.6343  | 
  177  |      0.7857  |     0.6798  |     0.6925  |     2.6577  | 
  178  |      0.7880  |     0.6840  |     0.6925  |     2.6828  | 
  179  |      0.7828  |     0.6821  |     0.6925  |     2.6534  | 
  180  |      0.7791  |     0.6591  |     0.6925  |     2.6384  | 
  181  |      0.7852  |     0.6492  |     0.6925  |     2.6374  | 
  182  |      0.7873  |     0.6470  |     0.6925  |     2.6310  | 
  183  |      0.7876  |     0.6488  |     0.6925  |     2.6336  | 
  184  |      0.7842  |     0.6556  |     0.6925  |     2.6395  | 
  185  |      0.7828  |     0.6575  |     0.6925  |     2.6316  | 
  186  |      0.7893  |     0.6539  |     0.6925  |     2.6484  | 
  187  |      0.7781  |     0.6525  |     0.6925  |     2.6456  | 
  188  |      0.7835  |     0.6587  |     0.6925  |     2.6324  | 
  189  |      0.7879  |     0.6488  |     0.6925  |     2.6393  | 
  190  |      0.7835  |     0.6467  |     0.6925  |     2.6461  | 
  191  |      0.7825  |     0.6825  |     0.6925  |     2.6682  | 
  192  |      0.7783  |     0.6475  |     0.6925  |     2.6401  | 
  193  |      0.7853  |     0.6488  |     0.6925  |     2.6415  | 
  194  |      0.7833  |     0.6838  |     0.6925  |     2.6801  | 
  195  |      0.7797  |     0.6510  |     0.6925  |     2.6421  | 
  196  |      0.7849  |     0.6542  |     0.6925  |     2.6378  | 
  197  |      0.7886  |     0.6765  |     0.6925  |     2.6661  | 
  198  |      0.7872  |     0.6470  |     0.6925  |     2.6318  | 
  199  |      0.7837  |     0.6493  |     0.6925  |     2.6390  | 
  200  |      0.7836  |     0.6503  |     0.6925  |     2.6343  | 
  201  |      0.7841  |     0.6505  |     0.6925  |     2.6274  | 
  202  |      0.7902  |     0.6505  |     0.6925  |     2.6423  | 
  203  |      0.7850  |     0.6805  |     0.6925  |     2.6696  | 
  204  |      0.7836  |     0.6650  |     0.6925  |     2.6563  | 
  205  |      0.7841  |     0.6818  |     0.6925  |     2.6686  | 
  206  |      0.7793  |     0.6532  |     0.6925  |     2.6513  | 
  207  |      0.7916  |     0.6827  |     0.6925  |     2.6668  | 

Early stopping: no improvement for 50 epochs.

===========================================================================
  Training early stopped!
  Dataset: fisv  Label: TES  Seed: 999
  Best SRCC: 0.6925  |  Best RL2: 2.6617  |  Best Epoch: 157
  Config: query_var=2  pe=query_pe  att_loss=True  dino_loss=True  layers=2
===========================================================================

Experiment record б· exp/0520_2343_fisv_TES.log
