------------------------------EXP1------------------------------

===========================================================================
  Dataset: fisv  |  Label: PCS  |  Seed: 999
  Backbone: vivit  |  Neck: TQN  |  Layers: 2  |  Query Var: 2  |  PE: query_pe
  Att Loss: True  |  Dino Loss: True  |  Epochs: 1000  |  LR: 0.0001  |  Batch: 48
===========================================================================
Epoch  |  Train SRCC  |  Test SRCC  |  Best SRCC  |        RL2  | Note
-------+-------------+------------+------------+------------+--------------------
    0  |      0.0372  |     0.1058  |     0.1058  |     0.0634  | бя NEW BEST
    1  |      0.0589  |     0.3409  |     0.3409  |     0.0969  | бя NEW BEST
    2  |      0.0286  |     0.4480  |     0.4480  |     0.0414  | бя NEW BEST
    3  |      0.2540  |     0.4560  |     0.4560  |     0.1958  | бя NEW BEST
    4  |      0.3336  |     0.4454  |     0.4560  |     0.3000  | 
    5  |      0.2606  |     0.4906  |     0.4906  |     0.3243  | бя NEW BEST
    6  |      0.3832  |     0.5766  |     0.5766  |     0.3297  | бя NEW BEST
    7  |      0.4062  |     0.6005  |     0.6005  |     0.2197  | бя NEW BEST
    8  |      0.4453  |     0.5890  |     0.6005  |     0.0944  | 
    9  |      0.5702  |     0.6099  |     0.6099  |     0.3965  | бя NEW BEST
   10  |      0.6069  |     0.5781  |     0.6099  |     0.3360  | 
   11  |      0.5409  |     0.6427  |     0.6427  |     0.6626  | бя NEW BEST
   12  |      0.5317  |     0.6636  |     0.6636  |     0.1641  | бя NEW BEST
   13  |      0.5982  |     0.6836  |     0.6836  |     0.2945  | бя NEW BEST
   14  |      0.6364  |     0.6866  |     0.6866  |     0.6383  | бя NEW BEST
   15  |      0.7185  |     0.6960  |     0.6960  |     0.6871  | бя NEW BEST
   16  |      0.7247  |     0.6929  |     0.6960  |     1.5977  | 
   17  |      0.6486  |     0.7148  |     0.7148  |     1.1711  | бя NEW BEST
   18  |      0.6458  |     0.7338  |     0.7338  |     0.4849  | бя NEW BEST
   19  |      0.6583  |     0.7095  |     0.7338  |     0.0955  | 
   20  |      0.6216  |     0.7020  |     0.7338  |     0.8207  | 
   21  |      0.7337  |     0.7298  |     0.7338  |     0.3291  | 
   22  |      0.7394  |     0.7593  |     0.7593  |     0.8500  | бя NEW BEST
   23  |      0.8183  |     0.7579  |     0.7593  |     1.0212  | 
   24  |      0.7814  |     0.7622  |     0.7622  |     1.1451  | бя NEW BEST
   25  |      0.7931  |     0.7333  |     0.7622  |     1.6757  | 
   26  |      0.7101  |     0.7493  |     0.7622  |     0.0931  | 
   27  |      0.7685  |     0.7658  |     0.7658  |     0.4675  | бя NEW BEST
   28  |      0.7769  |     0.7730  |     0.7730  |     0.5261  | бя NEW BEST
   29  |      0.7835  |     0.7804  |     0.7804  |     0.6869  | бя NEW BEST
   30  |      0.7829  |     0.7693  |     0.7804  |     1.0591  | 
   31  |      0.7173  |     0.8010  |     0.8010  |     0.0722  | бя NEW BEST
   32  |      0.7576  |     0.7833  |     0.8010  |     0.3904  | 
   33  |      0.8260  |     0.7959  |     0.8010  |     0.4687  | 
   34  |      0.8450  |     0.7747  |     0.8010  |     0.5689  | 
   35  |      0.8761  |     0.7985  |     0.8010  |     0.5223  | 
   36  |      0.8337  |     0.7934  |     0.8010  |     0.1695  | 
   37  |      0.7533  |     0.7603  |     0.8010  |     0.3371  | 
   38  |      0.7658  |     0.8056  |     0.8056  |     0.1184  | бя NEW BEST
   39  |      0.8186  |     0.7382  |     0.8056  |     1.0034  | 
   40  |      0.7568  |     0.7793  |     0.8056  |     0.0778  | 
   41  |      0.8506  |     0.7691  |     0.8056  |     0.5595  | 
   42  |      0.8922  |     0.7768  |     0.8056  |     0.6239  | 
   43  |      0.9057  |     0.7309  |     0.8056  |     0.7634  | 
   44  |      0.8552  |     0.7797  |     0.8056  |     0.3911  | 
   45  |      0.9149  |     0.7898  |     0.8056  |     0.4145  | 
   46  |      0.9135  |     0.8001  |     0.8056  |     0.5350  | 
   47  |      0.9231  |     0.7931  |     0.8056  |     0.6749  | 
   48  |      0.9196  |     0.7964  |     0.8056  |     0.6300  | 
   49  |      0.9210  |     0.7865  |     0.8056  |     0.7714  | 
   50  |      0.9215  |     0.7888  |     0.8056  |     0.6643  | 
   51  |      0.9207  |     0.7644  |     0.8056  |     0.7498  | 
   52  |      0.9253  |     0.7823  |     0.8056  |     0.6189  | 
   53  |      0.9250  |     0.7903  |     0.8056  |     0.6103  | 
   54  |      0.9251  |     0.7816  |     0.8056  |     0.6399  | 
   55  |      0.9234  |     0.7903  |     0.8056  |     0.6061  | 
   56  |      0.9274  |     0.7948  |     0.8056  |     0.6533  | 
   57  |      0.9259  |     0.7997  |     0.8056  |     0.6222  | 
   58  |      0.9239  |     0.7879  |     0.8056  |     0.6631  | 
   59  |      0.9259  |     0.7790  |     0.8056  |     0.8018  | 
   60  |      0.9232  |     0.7726  |     0.8056  |     0.6652  | 
   61  |      0.9312  |     0.7720  |     0.8056  |     0.6424  | 
   62  |      0.9312  |     0.7844  |     0.8056  |     0.5442  | 
   63  |      0.9268  |     0.7698  |     0.8056  |     0.8172  | 
   64  |      0.9121  |     0.7762  |     0.8056  |     0.6209  | 
   65  |      0.9317  |     0.7658  |     0.8056  |     0.5454  | 
   66  |      0.9178  |     0.7323  |     0.8056  |     0.7193  | 
   67  |      0.9101  |     0.7541  |     0.8056  |     0.4356  | 
   68  |      0.9332  |     0.7649  |     0.8056  |     0.3706  | 
   69  |      0.9296  |     0.7523  |     0.8056  |     0.6073  | 
   70  |      0.9245  |     0.7734  |     0.8056  |     0.5731  | 
   71  |      0.9334  |     0.7647  |     0.8056  |     0.6025  | 
   72  |      0.9325  |     0.7415  |     0.8056  |     0.6906  | 
   73  |      0.9265  |     0.7744  |     0.8056  |     0.5147  | 
   74  |      0.9324  |     0.7677  |     0.8056  |     0.6246  | 
   75  |      0.9275  |     0.7569  |     0.8056  |     0.5368  | 
   76  |      0.9292  |     0.7629  |     0.8056  |     0.5254  | 
   77  |      0.9333  |     0.7436  |     0.8056  |     0.7453  | 
   78  |      0.9304  |     0.7611  |     0.8056  |     0.6239  | 
   79  |      0.9317  |     0.7773  |     0.8056  |     0.5713  | 
   80  |      0.9386  |     0.7611  |     0.8056  |     0.6162  | 
   81  |      0.9336  |     0.7444  |     0.8056  |     0.7347  | 
   82  |      0.9338  |     0.7487  |     0.8056  |     0.5960  | 
   83  |      0.9406  |     0.7463  |     0.8056  |     0.6414  | 
   84  |      0.9291  |     0.7417  |     0.8056  |     0.6116  | 
   85  |      0.9388  |     0.7724  |     0.8056  |     0.4515  | 
   86  |      0.9287  |     0.7362  |     0.8056  |     0.6389  | 
   87  |      0.9345  |     0.7400  |     0.8056  |     0.4891  | 
   88  |      0.9414  |     0.7328  |     0.8056  |     0.5864  | 

Early stopping: no improvement for 50 epochs.

===========================================================================
  Training early stopped!
  Dataset: fisv  Label: PCS  Seed: 999
  Best SRCC: 0.8056  |  Best RL2: 0.1184  |  Best Epoch: 38
  Config: query_var=2  pe=query_pe  att_loss=True  dino_loss=True  layers=2
===========================================================================

Experiment record б· exp/0522_0100_fisv_PCS.log
